// Vitest Snapshot v1, https://vitest.dev/guide/snapshot.html

exports[`src/components/shareBoard/shareBoardLoginButton > should match snapshot 1`] = `
<div>
  <div
    class="ShareBoardLoginButton"
  >
    <button
      class="Button emphasis--primary size--medium"
      title="Login"
      type="button"
    >
      
      <span>
        Login
      </span>
      
    </button>
  </div>
</div>
`;
