// Vitest Snapshot v1, https://vitest.dev/guide/snapshot.html

exports[`src/components/shareBoard/shareBoard > return shareBoard and click Copy link 1`] = `
<div>
  <div
    class="Dialog dialog-back ShareBoardDialog size--medium"
  >
    <div
      class="backdrop"
    />
    <div
      class="wrapper"
    >
      <div
        class="dialog"
        role="dialog"
      >
        <div
          class="toolbar"
        >
          <div>
            <h1
              class="dialog-title"
            >
              Share Board
            </h1>
            
          </div>
          <div
            class="toolbar--right"
          >
            
            
            <button
              aria-label="Close dialog"
              title="Close dialog"
              type="button"
            >
              <i
                class="CompassIcon icon-close CloseIcon"
              />
            </button>
          </div>
        </div>
        <div
          class="share-input__container"
        >
          <div
            class="share-input"
          >
            <i
              class="CompassIcon icon-magnify MagnifyIcon"
            />
            <div
              class="Combobox userSearchInput"
            >
              <span
                aria-atomic="false"
                aria-live="polite"
                aria-relevant="additions text"
                class="Combobox__live-region"
                role="log"
              />
              <div
                class="userSearchInput__control"
              >
                <div
                  class="userSearchInput__value-container"
                >
                  
                  
                  <div
                    class="userSearchInput__placeholder"
                  >
                    Search for people
                  </div>
                  <input
                    aria-controls="cl-2"
                    aria-expanded="false"
                    autocomplete="off"
                    class="Combobox__input userSearchInput__input"
                    role="combobox"
                    type="text"
                  />
                </div>
                
              </div>
              
            </div>
          </div>
        </div>
        <div
          class="user-items"
        >
          <div
            class="user-item"
          >
            
            <div
              class="user-item__content"
            >
              <div
                class="ml-3"
              >
                <strong>
                  Everyone at Test Team Team
                </strong>
              </div>
            </div>
            <div>
              <div
                aria-label="menuwrapper"
                class="MenuWrapper"
                role="button"
              >
                <button
                  class="user-item__button"
                >
                  None
                  <i
                    class="CompassIcon icon-chevron-down CompassIcon"
                  />
                </button>
                
              </div>
              
            </div>
          </div>
          
        </div>
        <div
          class="tabs-container"
        >
          <button
            class="tab-item tab-item--active"
          >
            Share
          </button>
          <button
            class="tab-item false"
          >
            Publish
          </button>
        </div>
        <div
          class="tabs-content"
        >
          <div>
            <div
              class="d-flex justify-content-between"
            >
              <div
                class="d-flex flex-column"
              >
                <div
                  class="text-heading2"
                >
                  Share internally
                </div>
                <div
                  class="text-light"
                >
                  Users who have permissions will be able to use this link.
                </div>
              </div>
            </div>
          </div>
          <div
            class="d-flex justify-content-between tabs-inputs"
          >
            <div
              class="d-flex input-container"
            >
              <a
                class="shareUrl"
                href="http://localhost/undefined"
                rel="noreferrer"
                target="_blank"
              >
                http://localhost/undefined
              </a>
            </div>
            <button
              title="Copy link"
              type="button"
            >
              <i
                class="CompassIcon icon-content-copy CompassIcon"
              />
              <span>
                Copy link
              </span>
              
            </button>
          </div>
        </div>
      </div>
    </div>
  </div>
</div>
`;

exports[`src/components/shareBoard/shareBoard > return shareBoard and click Copy link 2`] = `
<div>
  <div
    class="Dialog dialog-back ShareBoardDialog size--medium"
  >
    <div
      class="backdrop"
    />
    <div
      class="wrapper"
    >
      <div
        class="dialog"
        role="dialog"
      >
        <div
          class="toolbar"
        >
          <div>
            <h1
              class="dialog-title"
            >
              Share Board
            </h1>
            
          </div>
          <div
            class="toolbar--right"
          >
            
            
            <button
              aria-label="Close dialog"
              title="Close dialog"
              type="button"
            >
              <i
                class="CompassIcon icon-close CloseIcon"
              />
            </button>
          </div>
        </div>
        <div
          class="share-input__container"
        >
          <div
            class="share-input"
          >
            <i
              class="CompassIcon icon-magnify MagnifyIcon"
            />
            <div
              class="Combobox userSearchInput"
            >
              <span
                aria-atomic="false"
                aria-live="polite"
                aria-relevant="additions text"
                class="Combobox__live-region"
                role="log"
              />
              <div
                class="userSearchInput__control"
              >
                <div
                  class="userSearchInput__value-container"
                >
                  
                  
                  <div
                    class="userSearchInput__placeholder"
                  >
                    Search for people
                  </div>
                  <input
                    aria-controls="cl-2"
                    aria-expanded="false"
                    autocomplete="off"
                    class="Combobox__input userSearchInput__input"
                    role="combobox"
                    type="text"
                  />
                </div>
                
              </div>
              
            </div>
          </div>
        </div>
        <div
          class="user-items"
        >
          <div
            class="user-item"
          >
            
            <div
              class="user-item__content"
            >
              <div
                class="ml-3"
              >
                <strong>
                  Everyone at Test Team Team
                </strong>
              </div>
            </div>
            <div>
              <div
                aria-label="menuwrapper"
                class="MenuWrapper"
                role="button"
              >
                <button
                  class="user-item__button"
                >
                  None
                  <i
                    class="CompassIcon icon-chevron-down CompassIcon"
                  />
                </button>
                
              </div>
              
            </div>
          </div>
          
        </div>
        <div
          class="tabs-container"
        >
          <button
            class="tab-item tab-item--active"
          >
            Share
          </button>
          <button
            class="tab-item false"
          >
            Publish
          </button>
        </div>
        <div
          class="tabs-content"
        >
          <div>
            <div
              class="d-flex justify-content-between"
            >
              <div
                class="d-flex flex-column"
              >
                <div
                  class="text-heading2"
                >
                  Share internally
                </div>
                <div
                  class="text-light"
                >
                  Users who have permissions will be able to use this link.
                </div>
              </div>
            </div>
          </div>
          <div
            class="d-flex justify-content-between tabs-inputs"
          >
            <div
              class="d-flex input-container"
            >
              <a
                class="shareUrl"
                href="http://localhost/undefined"
                rel="noreferrer"
                target="_blank"
              >
                http://localhost/undefined
              </a>
            </div>
            <button
              title="Copy link"
              type="button"
            >
              <i
                class="CompassIcon icon-content-copy CompassIcon"
              />
              <span>
                Copied!
              </span>
              
            </button>
          </div>
        </div>
      </div>
    </div>
  </div>
</div>
`;

exports[`src/components/shareBoard/shareBoard > return shareBoard and click Regenerate token 1`] = `
<div>
  <div
    class="Dialog dialog-back ShareBoardDialog size--medium"
  >
    <div
      class="backdrop"
    />
    <div
      class="wrapper"
    >
      <div
        class="dialog"
        role="dialog"
      >
        <div
          class="toolbar"
        >
          <div>
            <h1
              class="dialog-title"
            >
              Share Board
            </h1>
            
          </div>
          <div
            class="toolbar--right"
          >
            
            
            <button
              aria-label="Close dialog"
              title="Close dialog"
              type="button"
            >
              <i
                class="CompassIcon icon-close CloseIcon"
              />
            </button>
          </div>
        </div>
        <div
          class="share-input__container"
        >
          <div
            class="share-input"
          >
            <i
              class="CompassIcon icon-magnify MagnifyIcon"
            />
            <div
              class="Combobox userSearchInput"
            >
              <span
                aria-atomic="false"
                aria-live="polite"
                aria-relevant="additions text"
                class="Combobox__live-region"
                role="log"
              />
              <div
                class="userSearchInput__control"
              >
                <div
                  class="userSearchInput__value-container"
                >
                  
                  
                  <div
                    class="userSearchInput__placeholder"
                  >
                    Search for people
                  </div>
                  <input
                    aria-controls="cl-3"
                    aria-expanded="false"
                    autocomplete="off"
                    class="Combobox__input userSearchInput__input"
                    role="combobox"
                    type="text"
                  />
                </div>
                
              </div>
              
            </div>
          </div>
        </div>
        <div
          class="user-items"
        >
          <div
            class="user-item"
          >
            
            <div
              class="user-item__content"
            >
              <div
                class="ml-3"
              >
                <strong>
                  Everyone at Test Team Team
                </strong>
              </div>
            </div>
            <div>
              <div
                aria-label="menuwrapper"
                class="MenuWrapper"
                role="button"
              >
                <button
                  class="user-item__button"
                >
                  None
                  <i
                    class="CompassIcon icon-chevron-down CompassIcon"
                  />
                </button>
                
              </div>
              
            </div>
          </div>
          
        </div>
        <div
          class="tabs-container"
        >
          <button
            class="tab-item false"
          >
            Share
          </button>
          <button
            class="tab-item tab-item--active"
          >
            Publish
          </button>
        </div>
        <div
          class="tabs-content"
        >
          <div>
            <div
              class="d-flex justify-content-between"
            >
              <div
                class="d-flex flex-column"
              >
                <div
                  class="text-heading2"
                >
                  Publish to the web
                </div>
                <div
                  class="text-light"
                >
                  Publish and share a read-only link with everyone on the web.
                </div>
              </div>
              <div>
                <div
                  class="Switch override-main size--medium on"
                >
                  <div
                    class="octo-switch-inner"
                  />
                </div>
              </div>
            </div>
          </div>
          <div
            class="d-flex justify-content-between tabs-inputs"
          >
            <div
              class="d-flex input-container"
            >
              <a
                class="shareUrl"
                href="http://localhost/undefined?r=anotherToken"
                rel="noreferrer"
                target="_blank"
              >
                http://localhost/undefined?r=anotherToken
              </a>
              <div
                class="octo-tooltip"
              >
                <button
                  aria-label="Regenerate token"
                  title="Regenerate token"
                  type="button"
                >
                  <i
                    class="CompassIcon icon-refresh"
                  />
                </button>
                <div
                  class="octo-tooltip__body"
                  role="tooltip"
                >
                  <span
                    class="octo-tooltip__text"
                  >
                    Regenerate token
                  </span>
                  <div
                    class="octo-tooltip__arrow"
                  />
                </div>
              </div>
            </div>
            <button
              title="Copy public link"
              type="button"
            >
              <i
                class="CompassIcon icon-content-copy CompassIcon"
              />
              <span>
                Copy link
              </span>
              
            </button>
          </div>
        </div>
      </div>
    </div>
  </div>
</div>
`;

exports[`src/components/shareBoard/shareBoard > return shareBoard and click Select 1`] = `
<div>
  <div
    class="Dialog dialog-back ShareBoardDialog size--medium"
  >
    <div
      class="backdrop"
    />
    <div
      class="wrapper"
    >
      <div
        class="dialog"
        role="dialog"
      >
        <div
          class="toolbar"
        >
          <div>
            <h1
              class="dialog-title"
            >
              Share Board
            </h1>
            
          </div>
          <div
            class="toolbar--right"
          >
            
            
            <button
              aria-label="Close dialog"
              title="Close dialog"
              type="button"
            >
              <i
                class="CompassIcon icon-close CloseIcon"
              />
            </button>
          </div>
        </div>
        <div
          class="share-input__container"
        >
          <div
            class="share-input"
          >
            <i
              class="CompassIcon icon-magnify MagnifyIcon"
            />
            <div
              class="Combobox userSearchInput"
            >
              <span
                aria-atomic="false"
                aria-live="polite"
                aria-relevant="additions text"
                class="Combobox__live-region"
                role="log"
              />
              <div
                class="userSearchInput__control"
              >
                <div
                  class="userSearchInput__value-container"
                >
                  
                  
                  <div
                    class="userSearchInput__placeholder"
                  >
                    Search for people
                  </div>
                  <input
                    aria-controls="cl-7"
                    aria-expanded="false"
                    autocomplete="off"
                    class="Combobox__input userSearchInput__input"
                    role="combobox"
                    type="text"
                  />
                </div>
                
              </div>
              
            </div>
          </div>
        </div>
        <div
          class="user-items"
        >
          <div
            class="user-item"
          >
            
            <div
              class="user-item__content"
            >
              <div
                class="ml-3"
              >
                <strong>
                  Everyone at Test Team Team
                </strong>
              </div>
            </div>
            <div>
              <div
                aria-label="menuwrapper"
                class="MenuWrapper"
                role="button"
              >
                <button
                  class="user-item__button"
                >
                  None
                  <i
                    class="CompassIcon icon-chevron-down CompassIcon"
                  />
                </button>
                
              </div>
              
            </div>
          </div>
          
        </div>
        <div
          class="tabs-content"
        >
          <div>
            <div
              class="d-flex justify-content-between"
            >
              <div
                class="d-flex flex-column"
              >
                <div
                  class="text-heading2"
                >
                  Share internally
                </div>
                <div
                  class="text-light"
                >
                  Users who have permissions will be able to use this link.
                </div>
              </div>
            </div>
          </div>
          <div
            class="d-flex justify-content-between tabs-inputs"
          >
            <div
              class="d-flex input-container"
            >
              <a
                class="shareUrl"
                href="http://localhost/undefined"
                rel="noreferrer"
                target="_blank"
              >
                http://localhost/undefined
              </a>
            </div>
            <button
              title="Copy link"
              type="button"
            >
              <i
                class="CompassIcon icon-content-copy CompassIcon"
              />
              <span>
                Copy link
              </span>
              
            </button>
          </div>
        </div>
      </div>
    </div>
  </div>
</div>
`;

exports[`src/components/shareBoard/shareBoard > return shareBoard and click Select 2`] = `
<div>
  <div
    class="Dialog dialog-back ShareBoardDialog size--medium"
  >
    <div
      class="backdrop"
    />
    <div
      class="wrapper"
    >
      <div
        class="dialog"
        role="dialog"
      >
        <div
          class="toolbar"
        >
          <div>
            <h1
              class="dialog-title"
            >
              Share Board
            </h1>
            
          </div>
          <div
            class="toolbar--right"
          >
            
            
            <button
              aria-label="Close dialog"
              title="Close dialog"
              type="button"
            >
              <i
                class="CompassIcon icon-close CloseIcon"
              />
            </button>
          </div>
        </div>
        <div
          class="share-input__container"
        >
          <div
            class="share-input"
          >
            <i
              class="CompassIcon icon-magnify MagnifyIcon"
            />
            <div
              class="Combobox userSearchInput"
            >
              <span
                aria-atomic="false"
                aria-live="polite"
                aria-relevant="additions text"
                class="Combobox__live-region"
                role="log"
              />
              <div
                class="userSearchInput__control"
              >
                <div
                  class="userSearchInput__value-container"
                >
                  
                  
                  <div
                    class="userSearchInput__placeholder"
                  >
                    Search for people
                  </div>
                  <input
                    aria-controls="cl-7"
                    aria-expanded="true"
                    autocomplete="off"
                    class="Combobox__input userSearchInput__input"
                    role="combobox"
                    type="text"
                  />
                </div>
                
              </div>
              <div
                class="Combobox__menu userSearchInput__menu "
              >
                <div
                  class="userSearchInput__menu-list"
                  id="cl-7"
                  role="listbox"
                >
                  <div
                    class="userSearchInput__no-options"
                  />
                  
                </div>
              </div>
            </div>
          </div>
        </div>
        <div
          class="user-items"
        >
          <div
            class="user-item"
          >
            
            <div
              class="user-item__content"
            >
              <div
                class="ml-3"
              >
                <strong>
                  Everyone at Test Team Team
                </strong>
              </div>
            </div>
            <div>
              <div
                aria-label="menuwrapper"
                class="MenuWrapper"
                role="button"
              >
                <button
                  class="user-item__button"
                >
                  None
                  <i
                    class="CompassIcon icon-chevron-down CompassIcon"
                  />
                </button>
                
              </div>
              
            </div>
          </div>
          
        </div>
        <div
          class="tabs-content"
        >
          <div>
            <div
              class="d-flex justify-content-between"
            >
              <div
                class="d-flex flex-column"
              >
                <div
                  class="text-heading2"
                >
                  Share internally
                </div>
                <div
                  class="text-light"
                >
                  Users who have permissions will be able to use this link.
                </div>
              </div>
            </div>
          </div>
          <div
            class="d-flex justify-content-between tabs-inputs"
          >
            <div
              class="d-flex input-container"
            >
              <a
                class="shareUrl"
                href="http://localhost/undefined"
                rel="noreferrer"
                target="_blank"
              >
                http://localhost/undefined
              </a>
            </div>
            <button
              title="Copy link"
              type="button"
            >
              <i
                class="CompassIcon icon-content-copy CompassIcon"
              />
              <span>
                Copy link
              </span>
              
            </button>
          </div>
        </div>
      </div>
    </div>
  </div>
</div>
`;

exports[`src/components/shareBoard/shareBoard > return shareBoard and click Select, non-plugin mode 1`] = `
<div>
  <div
    class="Dialog dialog-back ShareBoardDialog size--medium"
  >
    <div
      class="backdrop"
    />
    <div
      class="wrapper"
    >
      <div
        class="dialog"
        role="dialog"
      >
        <div
          class="toolbar"
        >
          <div>
            <h1
              class="dialog-title"
            >
              Share Board
            </h1>
            
          </div>
          <div
            class="toolbar--right"
          >
            
            
            <button
              aria-label="Close dialog"
              title="Close dialog"
              type="button"
            >
              <i
                class="CompassIcon icon-close CloseIcon"
              />
            </button>
          </div>
        </div>
        <div
          class="share-input__container"
        >
          <div
            class="share-input"
          >
            <i
              class="CompassIcon icon-magnify MagnifyIcon"
            />
            <div
              class="Combobox userSearchInput"
            >
              <span
                aria-atomic="false"
                aria-live="polite"
                aria-relevant="additions text"
                class="Combobox__live-region"
                role="log"
              />
              <div
                class="userSearchInput__control"
              >
                <div
                  class="userSearchInput__value-container"
                >
                  
                  
                  <div
                    class="userSearchInput__placeholder"
                  >
                    Search for people
                  </div>
                  <input
                    aria-controls="cl-8"
                    aria-expanded="false"
                    autocomplete="off"
                    class="Combobox__input userSearchInput__input"
                    role="combobox"
                    type="text"
                  />
                </div>
                
              </div>
              
            </div>
          </div>
        </div>
        <div
          class="user-items"
        >
          <div
            class="user-item"
          >
            
            <div
              class="user-item__content"
            >
              <div
                class="ml-3"
              >
                <strong>
                  Everyone at Test Team Team
                </strong>
              </div>
            </div>
            <div>
              <div
                aria-label="menuwrapper"
                class="MenuWrapper"
                role="button"
              >
                <button
                  class="user-item__button"
                >
                  None
                  <i
                    class="CompassIcon icon-chevron-down CompassIcon"
                  />
                </button>
                
              </div>
              
            </div>
          </div>
          
        </div>
        <div
          class="tabs-content"
        >
          <div>
            <div
              class="d-flex justify-content-between"
            >
              <div
                class="d-flex flex-column"
              >
                <div
                  class="text-heading2"
                >
                  Share internally
                </div>
                <div
                  class="text-light"
                >
                  Users who have permissions will be able to use this link.
                </div>
              </div>
            </div>
          </div>
          <div
            class="d-flex justify-content-between tabs-inputs"
          >
            <div
              class="d-flex input-container"
            >
              <a
                class="shareUrl"
                href="http://localhost/undefined"
                rel="noreferrer"
                target="_blank"
              >
                http://localhost/undefined
              </a>
            </div>
            <button
              title="Copy link"
              type="button"
            >
              <i
                class="CompassIcon icon-content-copy CompassIcon"
              />
              <span>
                Copy link
              </span>
              
            </button>
          </div>
        </div>
      </div>
    </div>
  </div>
</div>
`;

exports[`src/components/shareBoard/shareBoard > return shareBoard and click Select, non-plugin mode 2`] = `
<div>
  <div
    class="Dialog dialog-back ShareBoardDialog size--medium"
  >
    <div
      class="backdrop"
    />
    <div
      class="wrapper"
    >
      <div
        class="dialog"
        role="dialog"
      >
        <div
          class="toolbar"
        >
          <div>
            <h1
              class="dialog-title"
            >
              Share Board
            </h1>
            
          </div>
          <div
            class="toolbar--right"
          >
            
            
            <button
              aria-label="Close dialog"
              title="Close dialog"
              type="button"
            >
              <i
                class="CompassIcon icon-close CloseIcon"
              />
            </button>
          </div>
        </div>
        <div
          class="share-input__container"
        >
          <div
            class="share-input"
          >
            <i
              class="CompassIcon icon-magnify MagnifyIcon"
            />
            <div
              class="Combobox userSearchInput"
            >
              <span
                aria-atomic="false"
                aria-live="polite"
                aria-relevant="additions text"
                class="Combobox__live-region"
                role="log"
              />
              <div
                class="userSearchInput__control"
              >
                <div
                  class="userSearchInput__value-container"
                >
                  
                  
                  <div
                    class="userSearchInput__placeholder"
                  >
                    Search for people
                  </div>
                  <input
                    aria-controls="cl-8"
                    aria-expanded="true"
                    autocomplete="off"
                    class="Combobox__input userSearchInput__input"
                    role="combobox"
                    type="text"
                  />
                </div>
                
              </div>
              <div
                class="Combobox__menu userSearchInput__menu "
              >
                <div
                  class="userSearchInput__menu-list"
                  id="cl-8"
                  role="listbox"
                >
                  <div
                    class="userSearchInput__no-options"
                  />
                  
                </div>
              </div>
            </div>
          </div>
        </div>
        <div
          class="user-items"
        >
          <div
            class="user-item"
          >
            
            <div
              class="user-item__content"
            >
              <div
                class="ml-3"
              >
                <strong>
                  Everyone at Test Team Team
                </strong>
              </div>
            </div>
            <div>
              <div
                aria-label="menuwrapper"
                class="MenuWrapper"
                role="button"
              >
                <button
                  class="user-item__button"
                >
                  None
                  <i
                    class="CompassIcon icon-chevron-down CompassIcon"
                  />
                </button>
                
              </div>
              
            </div>
          </div>
          
        </div>
        <div
          class="tabs-content"
        >
          <div>
            <div
              class="d-flex justify-content-between"
            >
              <div
                class="d-flex flex-column"
              >
                <div
                  class="text-heading2"
                >
                  Share internally
                </div>
                <div
                  class="text-light"
                >
                  Users who have permissions will be able to use this link.
                </div>
              </div>
            </div>
          </div>
          <div
            class="d-flex justify-content-between tabs-inputs"
          >
            <div
              class="d-flex input-container"
            >
              <a
                class="shareUrl"
                href="http://localhost/undefined"
                rel="noreferrer"
                target="_blank"
              >
                http://localhost/undefined
              </a>
            </div>
            <button
              title="Copy link"
              type="button"
            >
              <i
                class="CompassIcon icon-content-copy CompassIcon"
              />
              <span>
                Copy link
              </span>
              
            </button>
          </div>
        </div>
      </div>
    </div>
  </div>
</div>
`;

exports[`src/components/shareBoard/shareBoard > return shareBoard template and click Select 1`] = `
<div>
  <div
    class="Dialog dialog-back ShareBoardDialog size--medium"
  >
    <div
      class="backdrop"
    />
    <div
      class="wrapper"
    >
      <div
        class="dialog"
        role="dialog"
      >
        <div
          class="toolbar"
        >
          <div>
            <h1
              class="dialog-title"
            >
              Share Template
            </h1>
            
          </div>
          <div
            class="toolbar--right"
          >
            
            
            <button
              aria-label="Close dialog"
              title="Close dialog"
              type="button"
            >
              <i
                class="CompassIcon icon-close CloseIcon"
              />
            </button>
          </div>
        </div>
        <div
          class="share-input__container"
        >
          <div
            class="share-input"
          >
            <i
              class="CompassIcon icon-magnify MagnifyIcon"
            />
            <div
              class="Combobox userSearchInput"
            >
              <span
                aria-atomic="false"
                aria-live="polite"
                aria-relevant="additions text"
                class="Combobox__live-region"
                role="log"
              />
              <div
                class="userSearchInput__control"
              >
                <div
                  class="userSearchInput__value-container"
                >
                  
                  
                  <div
                    class="userSearchInput__placeholder"
                  >
                    Search for people
                  </div>
                  <input
                    aria-controls="cl-10"
                    aria-expanded="false"
                    autocomplete="off"
                    class="Combobox__input userSearchInput__input"
                    role="combobox"
                    type="text"
                  />
                </div>
                
              </div>
              
            </div>
          </div>
        </div>
        <div
          class="user-items"
        >
          <div
            class="user-item"
          >
            
            <div
              class="user-item__content"
            >
              <div
                class="ml-3"
              >
                <strong>
                  Everyone at Test Team Team
                </strong>
              </div>
            </div>
            <div>
              <div
                aria-label="menuwrapper"
                class="MenuWrapper"
                role="button"
              >
                <button
                  class="user-item__button"
                >
                  None
                  <i
                    class="CompassIcon icon-chevron-down CompassIcon"
                  />
                </button>
                
              </div>
              
            </div>
          </div>
          
        </div>
      </div>
    </div>
  </div>
</div>
`;

exports[`src/components/shareBoard/shareBoard > return shareBoard template and click Select 2`] = `
<div>
  <div
    class="Dialog dialog-back ShareBoardDialog size--medium"
  >
    <div
      class="backdrop"
    />
    <div
      class="wrapper"
    >
      <div
        class="dialog"
        role="dialog"
      >
        <div
          class="toolbar"
        >
          <div>
            <h1
              class="dialog-title"
            >
              Share Template
            </h1>
            
          </div>
          <div
            class="toolbar--right"
          >
            
            
            <button
              aria-label="Close dialog"
              title="Close dialog"
              type="button"
            >
              <i
                class="CompassIcon icon-close CloseIcon"
              />
            </button>
          </div>
        </div>
        <div
          class="share-input__container"
        >
          <div
            class="share-input"
          >
            <i
              class="CompassIcon icon-magnify MagnifyIcon"
            />
            <div
              class="Combobox userSearchInput"
            >
              <span
                aria-atomic="false"
                aria-live="polite"
                aria-relevant="additions text"
                class="Combobox__live-region"
                role="log"
              />
              <div
                class="userSearchInput__control"
              >
                <div
                  class="userSearchInput__value-container"
                >
                  
                  
                  <div
                    class="userSearchInput__placeholder"
                  >
                    Search for people
                  </div>
                  <input
                    aria-controls="cl-10"
                    aria-expanded="true"
                    autocomplete="off"
                    class="Combobox__input userSearchInput__input"
                    role="combobox"
                    type="text"
                  />
                </div>
                
              </div>
              <div
                class="Combobox__menu userSearchInput__menu "
              >
                <div
                  class="userSearchInput__menu-list"
                  id="cl-10"
                  role="listbox"
                >
                  <div
                    class="userSearchInput__no-options"
                  />
                  
                </div>
              </div>
            </div>
          </div>
        </div>
        <div
          class="user-items"
        >
          <div
            class="user-item"
          >
            
            <div
              class="user-item__content"
            >
              <div
                class="ml-3"
              >
                <strong>
                  Everyone at Test Team Team
                </strong>
              </div>
            </div>
            <div>
              <div
                aria-label="menuwrapper"
                class="MenuWrapper"
                role="button"
              >
                <button
                  class="user-item__button"
                >
                  None
                  <i
                    class="CompassIcon icon-chevron-down CompassIcon"
                  />
                </button>
                
              </div>
              
            </div>
          </div>
          
        </div>
      </div>
    </div>
  </div>
</div>
`;

exports[`src/components/shareBoard/shareBoard > return shareBoard, and click switch 1`] = `
<div>
  <div
    class="Dialog dialog-back ShareBoardDialog size--medium"
  >
    <div
      class="backdrop"
    />
    <div
      class="wrapper"
    >
      <div
        class="dialog"
        role="dialog"
      >
        <div
          class="toolbar"
        >
          <div>
            <h1
              class="dialog-title"
            >
              Share Board
            </h1>
            
          </div>
          <div
            class="toolbar--right"
          >
            
            
            <button
              aria-label="Close dialog"
              title="Close dialog"
              type="button"
            >
              <i
                class="CompassIcon icon-close CloseIcon"
              />
            </button>
          </div>
        </div>
        <div
          class="share-input__container"
        >
          <div
            class="share-input"
          >
            <i
              class="CompassIcon icon-magnify MagnifyIcon"
            />
            <div
              class="Combobox userSearchInput"
            >
              <span
                aria-atomic="false"
                aria-live="polite"
                aria-relevant="additions text"
                class="Combobox__live-region"
                role="log"
              />
              <div
                class="userSearchInput__control"
              >
                <div
                  class="userSearchInput__value-container"
                >
                  
                  
                  <div
                    class="userSearchInput__placeholder"
                  >
                    Search for people
                  </div>
                  <input
                    aria-controls="cl-4"
                    aria-expanded="false"
                    autocomplete="off"
                    class="Combobox__input userSearchInput__input"
                    role="combobox"
                    type="text"
                  />
                </div>
                
              </div>
              
            </div>
          </div>
        </div>
        <div
          class="user-items"
        >
          <div
            class="user-item"
          >
            
            <div
              class="user-item__content"
            >
              <div
                class="ml-3"
              >
                <strong>
                  Everyone at Test Team Team
                </strong>
              </div>
            </div>
            <div>
              <div
                aria-label="menuwrapper"
                class="MenuWrapper"
                role="button"
              >
                <button
                  class="user-item__button"
                >
                  None
                  <i
                    class="CompassIcon icon-chevron-down CompassIcon"
                  />
                </button>
                
              </div>
              
            </div>
          </div>
          
        </div>
        <div
          class="tabs-container"
        >
          <button
            class="tab-item false"
          >
            Share
          </button>
          <button
            class="tab-item tab-item--active"
          >
            Publish
          </button>
        </div>
        <div
          class="tabs-content"
        >
          <div>
            <div
              class="d-flex justify-content-between"
            >
              <div
                class="d-flex flex-column"
              >
                <div
                  class="text-heading2"
                >
                  Publish to the web
                </div>
                <div
                  class="text-light"
                >
                  Publish and share a read-only link with everyone on the web.
                </div>
              </div>
              <div>
                <div
                  class="Switch override-main size--medium on"
                >
                  <div
                    class="octo-switch-inner"
                  />
                </div>
              </div>
            </div>
          </div>
          <div
            class="d-flex justify-content-between tabs-inputs"
          >
            <div
              class="d-flex input-container"
            >
              <a
                class="shareUrl"
                href="http://localhost/undefined?r=oneToken"
                rel="noreferrer"
                target="_blank"
              >
                http://localhost/undefined?r=oneToken
              </a>
              <div
                class="octo-tooltip"
              >
                <button
                  aria-label="Regenerate token"
                  title="Regenerate token"
                  type="button"
                >
                  <i
                    class="CompassIcon icon-refresh"
                  />
                </button>
                
              </div>
            </div>
            <button
              title="Copy public link"
              type="button"
            >
              <i
                class="CompassIcon icon-content-copy CompassIcon"
              />
              <span>
                Copy link
              </span>
              
            </button>
          </div>
        </div>
      </div>
    </div>
  </div>
</div>
`;

exports[`src/components/shareBoard/shareBoard > should match snapshot 1`] = `
<div>
  <div
    class="Dialog dialog-back ShareBoardDialog size--medium"
  >
    <div
      class="backdrop"
    />
    <div
      class="wrapper"
    >
      <div
        class="dialog"
        role="dialog"
      >
        <div
          class="toolbar"
        >
          <div>
            <h1
              class="dialog-title"
            >
              Share Board
            </h1>
            
          </div>
          <div
            class="toolbar--right"
          >
            
            
            <button
              aria-label="Close dialog"
              title="Close dialog"
              type="button"
            >
              <i
                class="CompassIcon icon-close CloseIcon"
              />
            </button>
          </div>
        </div>
        <div
          class="share-input__container"
        >
          <div
            class="share-input"
          >
            <i
              class="CompassIcon icon-magnify MagnifyIcon"
            />
            <div
              class="Combobox userSearchInput"
            >
              <span
                aria-atomic="false"
                aria-live="polite"
                aria-relevant="additions text"
                class="Combobox__live-region"
                role="log"
              />
              <div
                class="userSearchInput__control"
              >
                <div
                  class="userSearchInput__value-container"
                >
                  
                  
                  <div
                    class="userSearchInput__placeholder"
                  >
                    Search for people
                  </div>
                  <input
                    aria-controls="cl-0"
                    aria-expanded="false"
                    autocomplete="off"
                    class="Combobox__input userSearchInput__input"
                    role="combobox"
                    type="text"
                  />
                </div>
                
              </div>
              
            </div>
          </div>
        </div>
        <div
          class="user-items"
        >
          <div
            class="user-item"
          >
            
            <div
              class="user-item__content"
            >
              <div
                class="ml-3"
              >
                <strong>
                  Everyone at Test Team Team
                </strong>
              </div>
            </div>
            <div>
              <div
                aria-label="menuwrapper"
                class="MenuWrapper"
                role="button"
              >
                <button
                  class="user-item__button"
                >
                  None
                  <i
                    class="CompassIcon icon-chevron-down CompassIcon"
                  />
                </button>
                
              </div>
              
            </div>
          </div>
          
        </div>
        <div
          class="tabs-container"
        >
          <button
            class="tab-item tab-item--active"
          >
            Share
          </button>
          <button
            class="tab-item false"
          >
            Publish
          </button>
        </div>
        <div
          class="tabs-content"
        >
          <div>
            <div
              class="d-flex justify-content-between"
            >
              <div
                class="d-flex flex-column"
              >
                <div
                  class="text-heading2"
                >
                  Share internally
                </div>
                <div
                  class="text-light"
                >
                  Users who have permissions will be able to use this link.
                </div>
              </div>
            </div>
          </div>
          <div
            class="d-flex justify-content-between tabs-inputs"
          >
            <div
              class="d-flex input-container"
            >
              <a
                class="shareUrl"
                href="http://localhost/undefined"
                rel="noreferrer"
                target="_blank"
              >
                http://localhost/undefined
              </a>
            </div>
            <button
              title="Copy link"
              type="button"
            >
              <i
                class="CompassIcon icon-content-copy CompassIcon"
              />
              <span>
                Copy link
              </span>
              
            </button>
          </div>
        </div>
      </div>
    </div>
  </div>
</div>
`;

exports[`src/components/shareBoard/shareBoard > should match snapshot with sharing 1`] = `
<div>
  <div
    class="Dialog dialog-back ShareBoardDialog size--medium"
  >
    <div
      class="backdrop"
    />
    <div
      class="wrapper"
    >
      <div
        class="dialog"
        role="dialog"
      >
        <div
          class="toolbar"
        >
          <div>
            <h1
              class="dialog-title"
            >
              Share Board
            </h1>
            
          </div>
          <div
            class="toolbar--right"
          >
            
            
            <button
              aria-label="Close dialog"
              title="Close dialog"
              type="button"
            >
              <i
                class="CompassIcon icon-close CloseIcon"
              />
            </button>
          </div>
        </div>
        <div
          class="share-input__container"
        >
          <div
            class="share-input"
          >
            <i
              class="CompassIcon icon-magnify MagnifyIcon"
            />
            <div
              class="Combobox userSearchInput"
            >
              <span
                aria-atomic="false"
                aria-live="polite"
                aria-relevant="additions text"
                class="Combobox__live-region"
                role="log"
              />
              <div
                class="userSearchInput__control"
              >
                <div
                  class="userSearchInput__value-container"
                >
                  
                  
                  <div
                    class="userSearchInput__placeholder"
                  >
                    Search for people
                  </div>
                  <input
                    aria-controls="cl-1"
                    aria-expanded="false"
                    autocomplete="off"
                    class="Combobox__input userSearchInput__input"
                    role="combobox"
                    type="text"
                  />
                </div>
                
              </div>
              
            </div>
          </div>
        </div>
        <div
          class="user-items"
        >
          <div
            class="user-item"
          >
            
            <div
              class="user-item__content"
            >
              <div
                class="ml-3"
              >
                <strong>
                  Everyone at Test Team Team
                </strong>
              </div>
            </div>
            <div>
              <div
                aria-label="menuwrapper"
                class="MenuWrapper"
                role="button"
              >
                <button
                  class="user-item__button"
                >
                  None
                  <i
                    class="CompassIcon icon-chevron-down CompassIcon"
                  />
                </button>
                
              </div>
              
            </div>
          </div>
          
        </div>
        <div
          class="tabs-container"
        >
          <button
            class="tab-item tab-item--active"
          >
            Share
          </button>
          <button
            class="tab-item false"
          >
            Publish
          </button>
        </div>
        <div
          class="tabs-content"
        >
          <div>
            <div
              class="d-flex justify-content-between"
            >
              <div
                class="d-flex flex-column"
              >
                <div
                  class="text-heading2"
                >
                  Share internally
                </div>
                <div
                  class="text-light"
                >
                  Users who have permissions will be able to use this link.
                </div>
              </div>
            </div>
          </div>
          <div
            class="d-flex justify-content-between tabs-inputs"
          >
            <div
              class="d-flex input-container"
            >
              <a
                class="shareUrl"
                href="http://localhost/undefined"
                rel="noreferrer"
                target="_blank"
              >
                http://localhost/undefined
              </a>
            </div>
            <button
              title="Copy link"
              type="button"
            >
              <i
                class="CompassIcon icon-content-copy CompassIcon"
              />
              <span>
                Copy link
              </span>
              
            </button>
          </div>
        </div>
      </div>
    </div>
  </div>
</div>
`;

exports[`src/components/shareBoard/shareBoard > should match snapshot with sharing and subpath 1`] = `
<div>
  <div
    class="Dialog dialog-back ShareBoardDialog size--medium"
  >
    <div
      class="backdrop"
    />
    <div
      class="wrapper"
    >
      <div
        class="dialog"
        role="dialog"
      >
        <div
          class="toolbar"
        >
          <div>
            <h1
              class="dialog-title"
            >
              Share Board
            </h1>
            
          </div>
          <div
            class="toolbar--right"
          >
            
            
            <button
              aria-label="Close dialog"
              title="Close dialog"
              type="button"
            >
              <i
                class="CompassIcon icon-close CloseIcon"
              />
            </button>
          </div>
        </div>
        <div
          class="share-input__container"
        >
          <div
            class="share-input"
          >
            <i
              class="CompassIcon icon-magnify MagnifyIcon"
            />
            <div
              class="Combobox userSearchInput"
            >
              <span
                aria-atomic="false"
                aria-live="polite"
                aria-relevant="additions text"
                class="Combobox__live-region"
                role="log"
              />
              <div
                class="userSearchInput__control"
              >
                <div
                  class="userSearchInput__value-container"
                >
                  
                  
                  <div
                    class="userSearchInput__placeholder"
                  >
                    Search for people
                  </div>
                  <input
                    aria-controls="cl-6"
                    aria-expanded="false"
                    autocomplete="off"
                    class="Combobox__input userSearchInput__input"
                    role="combobox"
                    type="text"
                  />
                </div>
                
              </div>
              
            </div>
          </div>
        </div>
        <div
          class="user-items"
        >
          <div
            class="user-item"
          >
            
            <div
              class="user-item__content"
            >
              <div
                class="ml-3"
              >
                <strong>
                  Everyone at Test Team Team
                </strong>
              </div>
            </div>
            <div>
              <div
                aria-label="menuwrapper"
                class="MenuWrapper"
                role="button"
              >
                <button
                  class="user-item__button"
                >
                  None
                  <i
                    class="CompassIcon icon-chevron-down CompassIcon"
                  />
                </button>
                
              </div>
              
            </div>
          </div>
          
        </div>
        <div
          class="tabs-container"
        >
          <button
            class="tab-item tab-item--active"
          >
            Share
          </button>
          <button
            class="tab-item false"
          >
            Publish
          </button>
        </div>
        <div
          class="tabs-content"
        >
          <div>
            <div
              class="d-flex justify-content-between"
            >
              <div
                class="d-flex flex-column"
              >
                <div
                  class="text-heading2"
                >
                  Share internally
                </div>
                <div
                  class="text-light"
                >
                  Users who have permissions will be able to use this link.
                </div>
              </div>
            </div>
          </div>
          <div
            class="d-flex justify-content-between tabs-inputs"
          >
            <div
              class="d-flex input-container"
            >
              <a
                class="shareUrl"
                href="http://localhost/test-subpath/plugins/boardsundefined"
                rel="noreferrer"
                target="_blank"
              >
                http://localhost/test-subpath/plugins/boardsundefined
              </a>
            </div>
            <button
              title="Copy link"
              type="button"
            >
              <i
                class="CompassIcon icon-content-copy CompassIcon"
              />
              <span>
                Copy link
              </span>
              
            </button>
          </div>
        </div>
      </div>
    </div>
  </div>
</div>
`;

exports[`src/components/shareBoard/shareBoard > should match snapshot with sharing and without workspaceId and subpath 1`] = `
<div>
  <div
    class="Dialog dialog-back ShareBoardDialog size--medium"
  >
    <div
      class="backdrop"
    />
    <div
      class="wrapper"
    >
      <div
        class="dialog"
        role="dialog"
      >
        <div
          class="toolbar"
        >
          <div>
            <h1
              class="dialog-title"
            >
              Share Board
            </h1>
            
          </div>
          <div
            class="toolbar--right"
          >
            
            
            <button
              aria-label="Close dialog"
              title="Close dialog"
              type="button"
            >
              <i
                class="CompassIcon icon-close CloseIcon"
              />
            </button>
          </div>
        </div>
        <div
          class="share-input__container"
        >
          <div
            class="share-input"
          >
            <i
              class="CompassIcon icon-magnify MagnifyIcon"
            />
            <div
              class="Combobox userSearchInput"
            >
              <span
                aria-atomic="false"
                aria-live="polite"
                aria-relevant="additions text"
                class="Combobox__live-region"
                role="log"
              />
              <div
                class="userSearchInput__control"
              >
                <div
                  class="userSearchInput__value-container"
                >
                  
                  
                  <div
                    class="userSearchInput__placeholder"
                  >
                    Search for people
                  </div>
                  <input
                    aria-controls="cl-5"
                    aria-expanded="false"
                    autocomplete="off"
                    class="Combobox__input userSearchInput__input"
                    role="combobox"
                    type="text"
                  />
                </div>
                
              </div>
              
            </div>
          </div>
        </div>
        <div
          class="user-items"
        >
          <div
            class="user-item"
          >
            
            <div
              class="user-item__content"
            >
              <div
                class="ml-3"
              >
                <strong>
                  Everyone at Test Team Team
                </strong>
              </div>
            </div>
            <div>
              <div
                aria-label="menuwrapper"
                class="MenuWrapper"
                role="button"
              >
                <button
                  class="user-item__button"
                >
                  None
                  <i
                    class="CompassIcon icon-chevron-down CompassIcon"
                  />
                </button>
                
              </div>
              
            </div>
          </div>
          
        </div>
        <div
          class="tabs-container"
        >
          <button
            class="tab-item tab-item--active"
          >
            Share
          </button>
          <button
            class="tab-item false"
          >
            Publish
          </button>
        </div>
        <div
          class="tabs-content"
        >
          <div>
            <div
              class="d-flex justify-content-between"
            >
              <div
                class="d-flex flex-column"
              >
                <div
                  class="text-heading2"
                >
                  Share internally
                </div>
                <div
                  class="text-light"
                >
                  Users who have permissions will be able to use this link.
                </div>
              </div>
            </div>
          </div>
          <div
            class="d-flex justify-content-between tabs-inputs"
          >
            <div
              class="d-flex input-container"
            >
              <a
                class="shareUrl"
                href="http://localhost/test-subpath/plugins/boardsundefined"
                rel="noreferrer"
                target="_blank"
              >
                http://localhost/test-subpath/plugins/boardsundefined
              </a>
            </div>
            <button
              title="Copy link"
              type="button"
            >
              <i
                class="CompassIcon icon-content-copy CompassIcon"
              />
              <span>
                Copy link
              </span>
              
            </button>
          </div>
        </div>
      </div>
    </div>
  </div>
</div>
`;

exports[`src/components/shareBoard/shareBoard > should match snapshot, with template 1`] = `
<div>
  <div
    class="Dialog dialog-back ShareBoardDialog size--medium"
  >
    <div
      class="backdrop"
    />
    <div
      class="wrapper"
    >
      <div
        class="dialog"
        role="dialog"
      >
        <div
          class="toolbar"
        >
          <div>
            <h1
              class="dialog-title"
            >
              Share Template
            </h1>
            
          </div>
          <div
            class="toolbar--right"
          >
            
            
            <button
              aria-label="Close dialog"
              title="Close dialog"
              type="button"
            >
              <i
                class="CompassIcon icon-close CloseIcon"
              />
            </button>
          </div>
        </div>
        <div
          class="share-input__container"
        >
          <div
            class="share-input"
          >
            <i
              class="CompassIcon icon-magnify MagnifyIcon"
            />
            <div
              class="Combobox userSearchInput"
            >
              <span
                aria-atomic="false"
                aria-live="polite"
                aria-relevant="additions text"
                class="Combobox__live-region"
                role="log"
              />
              <div
                class="userSearchInput__control"
              >
                <div
                  class="userSearchInput__value-container"
                >
                  
                  
                  <div
                    class="userSearchInput__placeholder"
                  >
                    Search for people
                  </div>
                  <input
                    aria-controls="cl-9"
                    aria-expanded="false"
                    autocomplete="off"
                    class="Combobox__input userSearchInput__input"
                    role="combobox"
                    type="text"
                  />
                </div>
                
              </div>
              
            </div>
          </div>
        </div>
        <div
          class="user-items"
        >
          <div
            class="user-item"
          >
            
            <div
              class="user-item__content"
            >
              <div
                class="ml-3"
              >
                <strong>
                  Everyone at Test Team Team
                </strong>
              </div>
            </div>
            <div>
              <div
                aria-label="menuwrapper"
                class="MenuWrapper"
                role="button"
              >
                <button
                  class="user-item__button"
                >
                  None
                  <i
                    class="CompassIcon icon-chevron-down CompassIcon"
                  />
                </button>
                
              </div>
              
            </div>
          </div>
          
        </div>
      </div>
    </div>
  </div>
</div>
`;

exports[`src/components/shareBoard/shareBoard should match snapshot with sharing and without workspaceId and subpath 1`] = `
<div>
  <div
    class="Dialog dialog-back ShareBoardDialog size--medium"
  >
    <div
      class="backdrop"
    />
    <div
      class="wrapper"
    >
      <div
        class="dialog"
        role="dialog"
      >
        <div
          class="toolbar"
        >
          <div>
            <h1
              class="dialog-title"
            >
              Share Board
            </h1>
            
          </div>
          <div
            class="toolbar--right"
          >
            
            
            <button
              aria-label="Close dialog"
              title="Close dialog"
              type="button"
            >
              <i
                class="CompassIcon icon-close CloseIcon"
              />
            </button>
          </div>
        </div>
        <div
          class="share-input__container"
        >
          <div
            class="share-input"
          >
            <i
              class="CompassIcon icon-magnify MagnifyIcon"
            />
            <div
              class="Combobox userSearchInput"
            >
              <span
                aria-atomic="false"
                aria-live="polite"
                aria-relevant="additions text"
                class="Combobox__live-region"
                role="log"
              />
              <div
                class="userSearchInput__control"
              >
                <div
                  class="userSearchInput__value-container"
                >
                  
                  
                  <div
                    class="userSearchInput__placeholder"
                  >
                    Search for people and channels
                  </div>
                  <input
                    aria-controls="cl-5"
                    aria-expanded="false"
                    autocomplete="off"
                    class="userSearchInput__input"
                    role="combobox"
                    type="text"
                  />
                </div>
                
              </div>
              
            </div>
          </div>
        </div>
        <div
          class="user-items"
        >
          <div
            class="user-item"
          >
            
            <div
              class="user-item__content"
            >
              <div
                class="ml-3"
              >
                <strong>
                  Everyone at Test Team Team
                </strong>
              </div>
            </div>
            <div>
              <div
                aria-label="menuwrapper"
                class="MenuWrapper"
                role="button"
              >
                <button
                  class="user-item__button"
                >
                  None
                  <i
                    class="CompassIcon icon-chevron-down CompassIcon"
                  />
                </button>
                
              </div>
              
            </div>
          </div>
          
        </div>
        <div
          class="tabs-container"
        >
          <button
            class="tab-item tab-item--active"
          >
            Share
          </button>
          <button
            class="tab-item false"
          >
            Publish
          </button>
        </div>
        <div
          class="tabs-content"
        >
          <div>
            <div
              class="d-flex justify-content-between"
            >
              <div
                class="d-flex flex-column"
              >
                <div
                  class="text-heading2"
                >
                  Share internally
                </div>
                <div
                  class="text-light"
                >
                  Users who have permissions will be able to use this link.
                </div>
              </div>
            </div>
          </div>
          <div
            class="d-flex justify-content-between tabs-inputs"
          >
            <div
              class="d-flex input-container"
            >
              <a
                class="shareUrl"
                href="http://localhost/test-subpath/plugins/boardsundefined"
                rel="noreferrer"
                target="_blank"
              >
                http://localhost/test-subpath/plugins/boardsundefined
              </a>
            </div>
            <button
              title="Copy link"
              type="button"
            >
              <i
                class="CompassIcon icon-content-copy CompassIcon"
              />
              <span>
                Copy link
              </span>
              
            </button>
          </div>
        </div>
      </div>
    </div>
  </div>
</div>
`;
