// Vitest Snapshot v1, https://vitest.dev/guide/snapshot.html

exports[`components/onboardingTour/addComments/AddCommentTourStep > after hover 1`] = `
<div
  aria-labelledby="cl-1"
  class="tutorial-tour-tip__box AddCommentTourStep"
  role="dialog"
  style="max-width: 320px;"
>
  <div
    class="tutorial-tour-tip__arrow"
    style="left: -6px;"
  />
  <div>
    <div
      class="tutorial-tour-tip__header"
    >
      <h4
        class="tutorial-tour-tip__header__title"
        id="cl-1"
      >
        Comments
      </h4>
      <button
        class="IconButton tutorial-tour-tip__header__close size--small"
        type="button"
      >
        <i
          class="CompassIcon icon-close CloseIcon"
        />
      </button>
    </div>
    <div
      class="tutorial-tour-tip__body"
    >
      Comments are what happened to the card. An agent working it writes here too: what it did, and what it needs answered.
    </div>
    <div
      class="tutorial-tour-tip__image"
    >
      <img
        alt="tutorial tour tip product image"
        src="http://localhost/test-file-stub"
      />
    </div>
    <div
      class="tutorial-tour-tip__footer"
    >
      <div
        class="tutorial-tour-tip__footer-buttons"
      >
        <div
          class="tutorial-tour-tip__circles-ctr"
        >
          <div
            class="tutorial-tour-tip__circular-ring "
          >
            <a
              class="tutorial-tour-tip__circle "
              data-screen="0"
              href="#"
            />
          </div>
          <div
            class="tutorial-tour-tip__circular-ring tutorial-tour-tip__circular-ring-active"
          >
            <a
              class="tutorial-tour-tip__circle active"
              data-screen="1"
              href="#"
            />
          </div>
          <div
            class="tutorial-tour-tip__circular-ring "
          >
            <a
              class="tutorial-tour-tip__circle "
              data-screen="2"
              href="#"
            />
          </div>
        </div>
        <div
          class="tutorial-tour-tip__btn-ctr"
        >
          <button
            class="Button emphasis--tertiary size--small"
            title="Previous"
            type="button"
          >
            <i
              class="CompassIcon icon-chevron-left icon"
            />
            <span>
              Previous
            </span>
            
          </button>
          <button
            class="Button filled size--small tipNextButton"
            type="button"
          >
            
            <span>
              Next
            </span>
            <i
              class="CompassIcon icon-chevron-right icon"
            />
          </button>
        </div>
      </div>
      
    </div>
  </div>
</div>
`;

exports[`components/onboardingTour/addComments/AddCommentTourStep > before hover 1`] = `
<div>
  <div
    aria-expanded="true"
    class="tutorial-tour-tip__pulsating-dot-ctr AddCommentTourStep"
  >
    <span
      class="pulsating_dot"
    />
  </div>
  
</div>
`;
