// Vitest Snapshot v1, https://vitest.dev/guide/snapshot.html

exports[`components/kanban/calculation/KanbanCalculation > base case 1`] = `
<div>
  <div
    class="KanbanCalculation"
  >
    <button
      class="Button"
      title="3"
      type="button"
    >
      
      <span>
        3
      </span>
      
    </button>
    
  </div>
</div>
`;

exports[`components/kanban/calculation/KanbanCalculation > calculations menu open 1`] = `
<div>
  <div
    class="KanbanCalculation"
  >
    <button
      class="Button"
      title="3"
      type="button"
    >
      
      <span>
        3
      </span>
      
    </button>
    <div
      class="Combobox CalculationOptions"
    >
      <span
        aria-atomic="false"
        aria-live="polite"
        aria-relevant="additions text"
        class="Combobox__live-region"
        role="log"
      />
      <div
        class="CalculationOptions__control"
      >
        <div
          class="CalculationOptions__value-container"
        >
          
          <div
            class="CalculationOptions__single-value"
          >
            Count
          </div>
          
          <input
            aria-activedescendant="cl-0-option-0"
            aria-controls="cl-0"
            aria-expanded="true"
            autocomplete="off"
            class="Combobox__input CalculationOptions__input"
            readonly=""
            role="combobox"
            type="text"
          />
        </div>
        
      </div>
      <div
        class="Combobox__menu CalculationOptions__menu "
      >
        <div
          class="CalculationOptions__menu-list"
          id="cl-0"
          role="listbox"
        >
          
          <div
            aria-selected="true"
            class="CalculationOptions__option CalculationOptions__option--is-focused CalculationOptions__option--is-selected"
            id="cl-0-option-0"
            role="option"
          >
            <div
              class="KanbanCalculationOptions_CustomOption active"
            >
              <span>
                Count
                 
                
              </span>
              
            </div>
          </div>
          <div
            aria-selected="false"
            class="CalculationOptions__option"
            id="cl-0-option-1"
            role="option"
          >
            <div
              class="KanbanCalculationOptions_CustomOption "
            >
              <span>
                Count Empty
                 
                <i
                  class="CompassIcon icon-chevron-right ChevronRightIcon"
                />
              </span>
              
            </div>
          </div>
          <div
            aria-selected="false"
            class="CalculationOptions__option"
            id="cl-0-option-2"
            role="option"
          >
            <div
              class="KanbanCalculationOptions_CustomOption "
            >
              <span>
                Count Not Empty
                 
                <i
                  class="CompassIcon icon-chevron-right ChevronRightIcon"
                />
              </span>
              
            </div>
          </div>
          <div
            aria-selected="false"
            class="CalculationOptions__option"
            id="cl-0-option-3"
            role="option"
          >
            <div
              class="KanbanCalculationOptions_CustomOption "
            >
              <span>
                Percent Empty
                 
                <i
                  class="CompassIcon icon-chevron-right ChevronRightIcon"
                />
              </span>
              
            </div>
          </div>
          <div
            aria-selected="false"
            class="CalculationOptions__option"
            id="cl-0-option-4"
            role="option"
          >
            <div
              class="KanbanCalculationOptions_CustomOption "
            >
              <span>
                Percent Not Empty
                 
                <i
                  class="CompassIcon icon-chevron-right ChevronRightIcon"
                />
              </span>
              
            </div>
          </div>
          <div
            aria-selected="false"
            class="CalculationOptions__option"
            id="cl-0-option-5"
            role="option"
          >
            <div
              class="KanbanCalculationOptions_CustomOption "
            >
              <span>
                Count Value
                 
                <i
                  class="CompassIcon icon-chevron-right ChevronRightIcon"
                />
              </span>
              
            </div>
          </div>
          <div
            aria-selected="false"
            class="CalculationOptions__option"
            id="cl-0-option-6"
            role="option"
          >
            <div
              class="KanbanCalculationOptions_CustomOption "
            >
              <span>
                Count Unique Values
                 
                <i
                  class="CompassIcon icon-chevron-right ChevronRightIcon"
                />
              </span>
              
            </div>
          </div>
        </div>
      </div>
    </div>
  </div>
</div>
`;

exports[`components/kanban/calculation/KanbanCalculation > no menu should appear in readonly mode 1`] = `
<div>
  <div
    class="KanbanCalculation"
  >
    <button
      class="Button"
      title="3"
      type="button"
    >
      
      <span>
        3
      </span>
      
    </button>
    
  </div>
</div>
`;
