// Vitest Snapshot v1, https://vitest.dev/guide/snapshot.html

exports[`properties/multiSelect > shows only the selected options when menu is not opened 1`] = `
<div>
  <div
    class="octo-propertyvalue octo-propertyvalue--readonly"
    data-testid="multiselect-non-editable"
    tabindex="0"
  >
    <span
      class="Label propColorDefault "
    >
      <span
        class="Label-text"
      >
        a
      </span>
    </span>
    <span
      class="Label empty "
    >
      <span
        class="Label-text"
      >
        b
      </span>
    </span>
    
  </div>
</div>
`;
