// Jest Snapshot v1, https://jestjs.io/docs/snapshot-testing

exports[`components/sidebar/DeleteBoardDialog Cancel should not submit 1`] = `
<div
  id="focalboard-root-portal"
>
  exists
</div>
`;

exports[`components/sidebar/DeleteBoardDialog Delete should submit 1`] = `
<div
  id="focalboard-root-portal"
>
  deleted
  
  <div>
    <div
      class="Dialog dialog-back DeleteBoardDialog size--medium"
    >
      <div
        class="backdrop"
      />
      <div
        class="wrapper"
      >
        <div
          class="dialog"
          role="dialog"
        >
          <div
            class="toolbar"
          >
            <div>
              <h1
                class="dialog-title"
              />
              
            </div>
            <div
              class="toolbar--right"
            >
              
              
              <button
                aria-label="Close dialog"
                class="IconButton dialog__close size--medium"
                title="Close dialog"
                type="button"
              >
                <i
                  class="CompassIcon icon-close CloseIcon"
                />
              </button>
            </div>
          </div>
          <div
            class="container"
          >
            <h2
              class="header text-heading5"
            >
              Confirm delete board
            </h2>
            <p
              class="body"
            >
              Are you sure you want to delete the board “Delete”? Deleting it will delete all cards in the board.
            </p>
            <div
              class="footer"
            >
              <button
                class="Button emphasis--tertiary size--medium"
                type="button"
              >
                
                <span>
                  Cancel
                </span>
                
              </button>
              <button
                class="Button filled danger size--medium"
                type="button"
              >
                
                <span>
                  Delete
                </span>
                
              </button>
            </div>
          </div>
        </div>
      </div>
    </div>
  </div>
</div>
`;
