// Jest Snapshot v1, https://jestjs.io/docs/snapshot-testing

exports[`components/blocksEditor/editor should match snapshot 1`] = `
<div>
  <div
    class="Editor"
  >
    
    <div
      class="TextContent"
      data-testid="text"
    >
      <div
        class="MarkdownEditor octo-editor  active"
      />
    </div>
  </div>
</div>
`;

exports[`components/blocksEditor/editor should match snapshot on empty 1`] = `
<div>
  <div
    class="Editor"
  >
    <div
      class="Combobox RootInput"
    >
      <span
        aria-atomic="false"
        aria-live="polite"
        aria-relevant="additions text"
        class="Combobox__live-region"
        role="log"
      />
      <div
        class="RootInput__control"
      >
        <div
          class="RootInput__value-container"
        >
          
          
          <div
            class="RootInput__placeholder"
          >
            Introduce your text or your slash command
          </div>
          <input
            aria-controls="cl-0"
            aria-expanded="false"
            autocomplete="off"
            autofocus=""
            class="RootInput__input"
            role="combobox"
            type="text"
          />
        </div>
        
      </div>
      
    </div>
    
  </div>
</div>
`;
