// Jest Snapshot v1, https://jestjs.io/docs/snapshot-testing

exports[`components/blocksEditor/blocks/text should match Display snapshot 1`] = `
<div>
  <div
    class="octo-editor-preview"
  >
    <p>
      test-value
    </p>
  </div>
</div>
`;

exports[`components/blocksEditor/blocks/text should match Input snapshot 1`] = `
<div>
  <div
    class="TextContent"
    data-testid="text"
  >
    <div
      class="MarkdownEditor octo-editor  active"
    >
      <div
        class="MarkdownEditorInput"
      >
        <div
          class="MarkdownEditorInput__content"
          contenteditable="true"
          data-lexical-editor="true"
          role="textbox"
          spellcheck="true"
          style="user-select: text; white-space: pre-wrap; word-break: break-word;"
        >
          <p
            dir="auto"
          >
            <span
              data-lexical-text="true"
            >
              test-value
            </span>
          </p>
        </div>
      </div>
    </div>
  </div>
</div>
`;
